// Jest Snapshot v1, https://goo.gl/fbAQLP

exports[`font level checking the font level control 1`] = `
"<!-- wp:maxi-blocks/text-maxi {\\"isFirstOnHierarchy\\":true,\\"uniqueID\\":\\"text-maxi-12\\",\\"content\\":\\"Testing level\\",\\"font-weight-general\\":400,\\"font-size-xxl\\":20,\\"line-height-xxl\\":1.5,\\"font-size-xl\\":18,\\"line-height-xl\\":1.35,\\"font-size-l\\":16,\\"line-height-l\\":1.625} -->
<div class=\\"maxi-block maxi-block--backend maxi-motion-effect maxi-motion-effect-text-maxi-12 maxi-light text-maxi-12 wp-block-maxi-blocks-text-maxi maxi-text-block maxi-background--1\\" data-align=\\"normal\\" id=\\"text-maxi-12\\"><div class=\\"maxi-background-displayer\\"></div><p class=\\"maxi-text-block__content\\" data-gx_initial_block_class=\\"maxi-def-light\\">Testing level</p></div>
<!-- /wp:maxi-blocks/text-maxi -->"
`;

exports[`font level checking the font level control 2`] = `
"<!-- wp:maxi-blocks/text-maxi {\\"isFirstOnHierarchy\\":true,\\"uniqueID\\":\\"text-maxi-12\\",\\"textLevel\\":\\"h1\\",\\"content\\":\\"Testing level\\",\\"font-size-general\\":45,\\"line-height-general\\":1.22,\\"font-weight-general\\":500,\\"font-size-xxl\\":55,\\"line-height-xxl\\":1.18,\\"font-size-xl\\":50,\\"line-height-xl\\":1.1,\\"font-size-l\\":45,\\"line-height-l\\":1.22,\\"font-size-m\\":36,\\"line-height-m\\":1.27} -->
<div class=\\"maxi-block maxi-block--backend maxi-motion-effect maxi-motion-effect-text-maxi-12 maxi-light text-maxi-12 wp-block-maxi-blocks-text-maxi maxi-text-block maxi-background--1\\" data-align=\\"normal\\" id=\\"text-maxi-12\\"><div class=\\"maxi-background-displayer\\"></div><h1 class=\\"maxi-text-block__content\\" data-gx_initial_block_class=\\"maxi-def-light\\">Testing level</h1></div>
<!-- /wp:maxi-blocks/text-maxi -->"
`;

exports[`font level checking the font level control 3`] = `
"<!-- wp:maxi-blocks/text-maxi {\\"isFirstOnHierarchy\\":true,\\"uniqueID\\":\\"text-maxi-12\\",\\"textLevel\\":\\"h2\\",\\"content\\":\\"Testing level\\",\\"font-size-general\\":38,\\"line-height-general\\":1.33,\\"font-weight-general\\":500,\\"font-size-xxl\\":48,\\"line-height-xxl\\":1.21,\\"font-size-xl\\":42,\\"line-height-xl\\":1.05,\\"font-size-l\\":38,\\"line-height-l\\":1.26,\\"font-size-m\\":30,\\"line-height-m\\":1.33} -->
<div class=\\"maxi-block maxi-block--backend maxi-motion-effect maxi-motion-effect-text-maxi-12 maxi-light text-maxi-12 wp-block-maxi-blocks-text-maxi maxi-text-block maxi-background--1\\" data-align=\\"normal\\" id=\\"text-maxi-12\\"><div class=\\"maxi-background-displayer\\"></div><h2 class=\\"maxi-text-block__content\\" data-gx_initial_block_class=\\"maxi-def-light\\">Testing level</h2></div>
<!-- /wp:maxi-blocks/text-maxi -->"
`;

exports[`font level checking the font level control 4`] = `
"<!-- wp:maxi-blocks/text-maxi {\\"isFirstOnHierarchy\\":true,\\"uniqueID\\":\\"text-maxi-12\\",\\"textLevel\\":\\"h3\\",\\"content\\":\\"Testing level\\",\\"font-size-general\\":30,\\"line-height-general\\":1.33,\\"font-weight-general\\":500,\\"font-size-xxl\\":40,\\"line-height-xxl\\":1.25,\\"font-size-xl\\":35,\\"line-height-xl\\":1.09,\\"font-size-l\\":30,\\"line-height-l\\":1.33,\\"font-size-m\\":28,\\"line-height-m\\":1.36} -->
<div class=\\"maxi-block maxi-block--backend maxi-motion-effect maxi-motion-effect-text-maxi-12 maxi-light text-maxi-12 wp-block-maxi-blocks-text-maxi maxi-text-block maxi-background--1\\" data-align=\\"normal\\" id=\\"text-maxi-12\\"><div class=\\"maxi-background-displayer\\"></div><h3 class=\\"maxi-text-block__content\\" data-gx_initial_block_class=\\"maxi-def-light\\">Testing level</h3></div>
<!-- /wp:maxi-blocks/text-maxi -->"
`;

exports[`font level checking the font level control 5`] = `
"<!-- wp:maxi-blocks/text-maxi {\\"isFirstOnHierarchy\\":true,\\"uniqueID\\":\\"text-maxi-12\\",\\"textLevel\\":\\"h4\\",\\"content\\":\\"Testing level\\",\\"font-size-general\\":26,\\"line-height-general\\":1.39,\\"font-weight-general\\":500,\\"font-size-xxl\\":30,\\"line-height-xxl\\":1.33,\\"font-size-xl\\":25,\\"line-height-xl\\":1.24,\\"font-size-l\\":26,\\"line-height-l\\":1.39,\\"font-size-m\\":24,\\"line-height-m\\":1.42} -->
<div class=\\"maxi-block maxi-block--backend maxi-motion-effect maxi-motion-effect-text-maxi-12 maxi-light text-maxi-12 wp-block-maxi-blocks-text-maxi maxi-text-block maxi-background--1\\" data-align=\\"normal\\" id=\\"text-maxi-12\\"><div class=\\"maxi-background-displayer\\"></div><h4 class=\\"maxi-text-block__content\\" data-gx_initial_block_class=\\"maxi-def-light\\">Testing level</h4></div>
<!-- /wp:maxi-blocks/text-maxi -->"
`;

exports[`font level checking the font level control 6`] = `
"<!-- wp:maxi-blocks/text-maxi {\\"isFirstOnHierarchy\\":true,\\"uniqueID\\":\\"text-maxi-12\\",\\"textLevel\\":\\"h5\\",\\"content\\":\\"Testing level\\",\\"font-size-general\\":22,\\"line-height-general\\":1.45,\\"font-weight-general\\":500,\\"font-size-xxl\\":28,\\"line-height-xxl\\":1.36,\\"font-size-xl\\":26,\\"line-height-xl\\":1.26,\\"font-size-l\\":22,\\"line-height-l\\":1.45,\\"font-size-m\\":20,\\"line-height-m\\":1.5} -->
<div class=\\"maxi-block maxi-block--backend maxi-motion-effect maxi-motion-effect-text-maxi-12 maxi-light text-maxi-12 wp-block-maxi-blocks-text-maxi maxi-text-block maxi-background--1\\" data-align=\\"normal\\" id=\\"text-maxi-12\\"><div class=\\"maxi-background-displayer\\"></div><h5 class=\\"maxi-text-block__content\\" data-gx_initial_block_class=\\"maxi-def-light\\">Testing level</h5></div>
<!-- /wp:maxi-blocks/text-maxi -->"
`;

exports[`font level checking the font level control 7`] = `
"<!-- wp:maxi-blocks/text-maxi {\\"isFirstOnHierarchy\\":true,\\"uniqueID\\":\\"text-maxi-12\\",\\"textLevel\\":\\"h6\\",\\"content\\":\\"Testing level\\",\\"font-size-general\\":20,\\"line-height-general\\":1.5,\\"font-weight-general\\":500,\\"font-size-xxl\\":26,\\"line-height-xxl\\":1.39,\\"font-size-xl\\":24,\\"line-height-xl\\":1.29,\\"font-size-l\\":20,\\"line-height-l\\":1.5,\\"font-size-m\\":18,\\"line-height-m\\":1.56} -->
<div class=\\"maxi-block maxi-block--backend maxi-motion-effect maxi-motion-effect-text-maxi-12 maxi-light text-maxi-12 wp-block-maxi-blocks-text-maxi maxi-text-block maxi-background--1\\" data-align=\\"normal\\" id=\\"text-maxi-12\\"><div class=\\"maxi-background-displayer\\"></div><h6 class=\\"maxi-text-block__content\\" data-gx_initial_block_class=\\"maxi-def-light\\">Testing level</h6></div>
<!-- /wp:maxi-blocks/text-maxi -->"
`;
