// Jest Snapshot v1, https://goo.gl/fbAQLP

exports[`getArrowStyles Get a correct arrow hover styles with background, shadow and border custom colors 1`] = `
{
  " .maxi-container-arrow": {
    "shadow": {
      "general": {
        "filter": "drop-shadow(0px 0px 0px rgba(var(--maxi-light-color-2,242,249,253),0.2))",
      },
    },
  },
  " .maxi-container-arrow .maxi-container-arrow--content:after": {
    "background": {
      "general": {
        "background-color": "rgba(150,200,90)",
      },
      "l": {
        "background-color": "rgba(150,200,90)",
      },
      "label": "Arrow Color",
      "m": {
        "background-color": "rgba(150,200,90)",
      },
      "s": {
        "background-color": "rgba(150,200,90)",
      },
      "xl": {
        "background-color": "rgba(150,200,90)",
      },
      "xs": {
        "background-color": "rgba(150,200,90)",
      },
      "xxl": {
        "background-color": "rgba(150,200,90)",
      },
    },
  },
  " .maxi-container-arrow:before": {
    "background": {
      "general": {
        "background-color": "rgba(150,200,90)",
      },
      "l": {
        "background-color": "rgba(150,200,90)",
      },
      "label": "Arrow Color",
      "m": {
        "background-color": "rgba(150,200,90)",
      },
      "s": {
        "background-color": "rgba(150,200,90)",
      },
      "xl": {
        "background-color": "rgba(150,200,90)",
      },
      "xs": {
        "background-color": "rgba(150,200,90)",
      },
      "xxl": {
        "background-color": "rgba(150,200,90)",
      },
    },
    "borderRadius": {
      "general": {
        "border-bottom-left-radius": "10px",
        "border-bottom-right-radius": "10px",
        "border-top-left-radius": "10px",
        "border-top-right-radius": "10px",
      },
      "l": {
        "border-bottom-left-radius": "10px",
        "border-bottom-right-radius": "10px",
        "border-top-left-radius": "10px",
        "border-top-right-radius": "10px",
      },
      "label": "Arrow Border",
      "m": {
        "border-bottom-left-radius": "10px",
        "border-bottom-right-radius": "10px",
        "border-top-left-radius": "10px",
        "border-top-right-radius": "10px",
      },
      "s": {
        "border-bottom-left-radius": "10px",
        "border-bottom-right-radius": "10px",
        "border-top-left-radius": "10px",
        "border-top-right-radius": "10px",
      },
      "xl": {
        "border-bottom-left-radius": "10px",
        "border-bottom-right-radius": "10px",
        "border-top-left-radius": "10px",
        "border-top-right-radius": "10px",
      },
      "xs": {
        "border-bottom-left-radius": "10px",
        "border-bottom-right-radius": "10px",
        "border-top-left-radius": "10px",
        "border-top-right-radius": "10px",
      },
      "xxl": {
        "border-bottom-left-radius": "10px",
        "border-bottom-right-radius": "10px",
        "border-top-left-radius": "10px",
        "border-top-right-radius": "10px",
      },
    },
  },
  ":hover .maxi-container-arrow": {
    "shadow": {
      "general": {
        "filter": "drop-shadow(1px 2px 1px rgba(61,133,209))",
      },
    },
  },
}
`;

exports[`getArrowStyles Get a correct arrow styles with different values for different responsive stages color background settings 1`] = `
{
  " .maxi-container-arrow": {
    "shadow": {},
  },
  " .maxi-container-arrow .maxi-container-arrow--content": {
    "arrow": {
      "general": {
        "display": "block",
        "height": "2px",
        "left": "1%",
        "top": "-1.4142135623730951px",
        "width": "2px",
      },
      "l": {
        "display": "none",
        "height": "1px",
        "left": "4%",
        "top": "-0.7071067811865476px",
        "width": "1px",
      },
      "m": {
        "display": "none",
        "height": "3px",
        "left": "2%",
        "top": "calc(100% + 3px)",
        "width": "3px",
      },
      "s": {
        "display": "block",
        "height": "1px",
        "left": "4%",
        "top": "calc(100% + 1px)",
        "width": "1px",
      },
      "xl": {
        "display": "block",
        "height": "3px",
        "left": "2%",
        "top": "-2.121320343559643px",
        "width": "3px",
      },
      "xs": {
        "display": "block",
        "height": "3px",
        "left": "2%",
        "top": "calc(100% + 3px)",
        "width": "3px",
      },
      "xxl": {
        "display": "block",
        "height": "1px",
        "left": "4%",
        "top": "-0.7071067811865476px",
        "width": "1px",
      },
    },
  },
  " .maxi-container-arrow .maxi-container-arrow--content:after": {
    "background": {
      "general": {
        "background-color": "rgba(var(--maxi-light-color-1,255,255,255),0.07)",
      },
      "l": {
        "background-color": "rgba(var(--maxi-light-color-4,255,74,23),0.3)",
      },
      "label": "Arrow Color",
      "m": {
        "background-color": "rgba(var(--maxi-light-color-5,0,0,0),0.59)",
      },
      "s": {
        "background-color": "rgba(204,68,68,0.59)",
      },
      "xl": {
        "background-color": "rgba(var(--maxi-light-color-1,255,255,255),0.07)",
      },
      "xs": {
        "background-color": "rgba(204,68,68,0.59)",
      },
      "xxl": {
        "background-color": "rgba(var(--maxi-light-color-2,242,249,253),0.2)",
      },
    },
  },
  " .maxi-container-arrow:before": {
    "background": {
      "general": {
        "background-color": "rgba(var(--maxi-light-color-1,255,255,255),0.07)",
      },
      "l": {
        "background-color": "rgba(var(--maxi-light-color-4,255,74,23),0.3)",
      },
      "label": "Arrow Color",
      "m": {
        "background-color": "rgba(var(--maxi-light-color-5,0,0,0),0.59)",
      },
      "s": {
        "background-color": "rgba(204,68,68,0.59)",
      },
      "xl": {
        "background-color": "rgba(var(--maxi-light-color-1,255,255,255),0.07)",
      },
      "xs": {
        "background-color": "rgba(204,68,68,0.59)",
      },
      "xxl": {
        "background-color": "rgba(var(--maxi-light-color-2,242,249,253),0.2)",
      },
    },
    "borderRadius": {
      "general": {
        "border-bottom-left-radius": "20px",
        "border-bottom-right-radius": "20px",
        "border-top-left-radius": "20px",
        "border-top-right-radius": "20px",
      },
      "l": {
        "border-bottom-left-radius": "20px",
        "border-bottom-right-radius": "20px",
        "border-top-left-radius": "20px",
        "border-top-right-radius": "20px",
      },
      "label": "Arrow Border",
      "m": {
        "border-bottom-left-radius": "20px",
        "border-bottom-right-radius": "20px",
        "border-top-left-radius": "20px",
        "border-top-right-radius": "20px",
      },
      "s": {
        "border-bottom-left-radius": "20px",
        "border-bottom-right-radius": "20px",
        "border-top-left-radius": "20px",
        "border-top-right-radius": "20px",
      },
      "xl": {
        "border-bottom-left-radius": "20px",
        "border-bottom-right-radius": "20px",
        "border-top-left-radius": "20px",
        "border-top-right-radius": "20px",
      },
      "xs": {
        "border-bottom-left-radius": "20px",
        "border-bottom-right-radius": "20px",
        "border-top-left-radius": "20px",
        "border-top-right-radius": "20px",
      },
      "xxl": {
        "border-bottom-left-radius": "20px",
        "border-bottom-right-radius": "20px",
        "border-top-left-radius": "20px",
        "border-top-right-radius": "20px",
      },
    },
  },
}
`;

exports[`getArrowStyles Get a correct palette colors arrow hover styles 1`] = `
{
  " .maxi-container-arrow": {
    "shadow": {
      "general": {
        "filter": "drop-shadow(0px 0px 0px rgba(var(--maxi-light-color-2),0.2))",
      },
    },
  },
  " .maxi-container-arrow .maxi-container-arrow--content:after": {
    "background": {
      "general": {
        "background-color": "rgba(var(--maxi-light-color-5),1)",
      },
      "label": "Arrow Color",
    },
  },
  " .maxi-container-arrow:before": {
    "background": {
      "general": {
        "background-color": "rgba(var(--maxi-light-color-5),1)",
      },
      "label": "Arrow Color",
    },
  },
  ":hover .maxi-container-arrow": {
    "shadow": {
      "general": {
        "filter": "drop-shadow(1px 2px 1px rgba(var(--maxi-light-color-4),0.2))",
      },
    },
  },
  ":hover .maxi-container-arrow .maxi-container-arrow--content:after": {
    "background": {
      "general": {
        "background-color": "rgba(var(--maxi-light-color-1),1)",
      },
      "label": "Arrow Color",
    },
  },
  ":hover .maxi-container-arrow:before": {
    "background": {
      "general": {
        "background-color": "rgba(var(--maxi-light-color-1),1)",
      },
      "label": "Arrow Color",
    },
  },
}
`;

exports[`getArrowStyles Return empty arrow styles when arrow status is off 1`] = `{}`;

exports[`getArrowStyles Return empty arrow styles when background color is not selected 1`] = `{}`;

exports[`getArrowStyles Return empty arrow styles when background color is selected and border is active but some style on hover is not solid 1`] = `{}`;

exports[`getArrowStyles Return empty arrow styles when background color is selected and border is active but the style is not solid 1`] = `{}`;
