// Jest Snapshot v1, https://goo.gl/fbAQLP

exports[`getAlignmentTextStyles Get a correct alignment 1`] = `
Object {
  "general": Object {
    "text-align": "right",
  },
  "l": Object {
    "text-align": "left",
  },
  "m": Object {
    "text-align": "right",
  },
  "s": Object {
    "text-align": "left",
  },
  "xl": Object {
    "text-align": "right",
  },
  "xs": Object {
    "text-align": "right",
  },
  "xxl": Object {
    "text-align": "left",
  },
}
`;
