// Jest Snapshot v1, https://goo.gl/fbAQLP

exports[`getBackgroundStyles Get correct layers background styles for general responsive stage 1`] = `
Object {
  "maxi-test > .maxi-background-displayer": Object {
    "border": Object {
      "general": Object {},
      "l": Object {},
      "m": Object {},
      "s": Object {},
      "xl": Object {},
      "xs": Object {},
      "xxl": Object {},
    },
  },
  "maxi-test > .maxi-background-displayer .maxi-background-displayer__0": Object {
    "color": Object {
      "general": Object {
        "background-color": "rgba(var(--maxi-light-color-1),1)",
        "display": "block",
      },
      "l": Object {
        "background-color": "rgba(var(--maxi-light-color-1),1)",
      },
      "label": "Background Color",
      "m": Object {
        "background-color": "rgba(var(--maxi-light-color-1),1)",
      },
      "s": Object {
        "background-color": "rgba(var(--maxi-light-color-1),1)",
      },
      "xl": Object {
        "background-color": "rgba(var(--maxi-light-color-1),1)",
      },
      "xs": Object {
        "background-color": "rgba(var(--maxi-light-color-1),1)",
      },
      "xxl": Object {
        "background-color": "rgba(var(--maxi-light-color-1),1)",
      },
    },
  },
  "maxi-test > .maxi-background-displayer .maxi-background-displayer__1": Object {
    "image": Object {
      "general": Object {
        "display": "block",
      },
    },
  },
  "maxi-test > .maxi-background-displayer .maxi-background-displayer__2": Object {
    "video": Object {
      "general": Object {
        "display": "block",
        "opacity": 0.01,
      },
      "l": Object {
        "opacity": 0.01,
      },
      "label": "Video Background",
      "m": Object {
        "opacity": 0.01,
      },
      "s": Object {
        "opacity": 0.01,
      },
      "xl": Object {
        "opacity": 0.01,
      },
      "xs": Object {
        "opacity": 0.01,
      },
      "xxl": Object {
        "opacity": 0.01,
      },
    },
  },
  "maxi-test > .maxi-background-displayer .maxi-background-displayer__3": Object {
    "gradient": Object {
      "general": Object {
        "display": "block",
        "opacity": 1,
      },
      "l": Object {},
      "label": "Background Gradient",
      "m": Object {},
      "s": Object {},
      "xl": Object {},
      "xs": Object {},
      "xxl": Object {},
    },
  },
  "maxi-test > .maxi-background-displayer .maxi-background-displayer__4": Object {
    "shape": Object {
      "general": Object {
        "display": "block",
        "width": "100%",
      },
      "l": Object {
        "width": "100%",
      },
      "label": "SVG Wrapper Background",
      "m": Object {
        "width": "100%",
      },
      "s": Object {
        "width": "100%",
      },
      "xl": Object {
        "width": "100%",
      },
      "xs": Object {
        "width": "100%",
      },
      "xxl": Object {
        "width": "100%",
      },
    },
  },
  "maxi-test > .maxi-background-displayer .maxi-background-displayer__4 svg *": Object {
    "shape": Object {
      "general": Object {
        "display": "block",
        "fill": "rgba(var(--maxi-light-color-5),1)",
      },
      "l": Object {
        "fill": "rgba(var(--maxi-light-color-5),1)",
      },
      "label": "SVG Background",
      "m": Object {
        "fill": "rgba(var(--maxi-light-color-5),1)",
      },
      "s": Object {
        "fill": "rgba(var(--maxi-light-color-5),1)",
      },
      "xl": Object {
        "fill": "rgba(var(--maxi-light-color-5),1)",
      },
      "xs": Object {
        "fill": "rgba(var(--maxi-light-color-5),1)",
      },
      "xxl": Object {
        "fill": "rgba(var(--maxi-light-color-5),1)",
      },
    },
  },
}
`;
