// Jest Snapshot v1, https://goo.gl/fbAQLP

exports[`getMarginPaddingStyles Get a correct Margin 1`] = `
Object {
  "general": Object {
    "margin-bottom": "general margin px",
    "margin-left": "general margin px",
    "margin-right": "general margin px",
    "margin-top": "general margin px",
  },
  "l": Object {
    "margin-bottom": "l margin px",
    "margin-left": "l margin px",
    "margin-right": "l margin px",
    "margin-top": "l margin px",
  },
  "m": Object {
    "margin-bottom": "m margin px",
    "margin-left": "m margin px",
    "margin-right": "m margin px",
    "margin-top": "m margin px",
  },
  "s": Object {
    "margin-bottom": "s margin %",
    "margin-left": "s margin %",
    "margin-right": "s margin %",
    "margin-top": "s margin %",
  },
  "xl": Object {
    "margin-bottom": "xl margin %",
    "margin-left": "xl margin %",
    "margin-right": "xl margin %",
    "margin-top": "xl margin %",
  },
  "xs": Object {
    "margin-bottom": "xs margin px",
    "margin-left": "xs margin px",
    "margin-right": "xs margin px",
    "margin-top": "xs margin px",
  },
  "xxl": Object {
    "margin-bottom": "xxl margin %",
    "margin-left": "xxl margin %",
    "margin-right": "xxl margin %",
    "margin-top": "xxl margin %",
  },
}
`;
