// Jest Snapshot v1, https://goo.gl/fbAQLP

exports[`getMarginPaddingStyles Different values ​​depends on the responsive 1`] = `
Object {
  "general": Object {
    "margin-bottom": "11px",
    "margin-left": "11px",
    "margin-right": "11px",
    "margin-top": "11px",
  },
  "l": Object {
    "margin-bottom": "5px",
    "margin-left": "5px",
    "margin-right": "5px",
    "margin-top": "5px",
  },
  "m": Object {
    "margin-bottom": "6px",
    "margin-left": "4px",
    "margin-right": "2px",
    "margin-top": "0px",
  },
  "s": Object {
    "margin-bottom": "0%",
    "margin-left": "0%",
    "margin-right": "0%",
    "margin-top": "0%",
  },
  "xl": Object {
    "margin-bottom": "45%",
    "margin-left": "45%",
    "margin-right": "45%",
    "margin-top": "45%",
  },
  "xs": Object {
    "margin-bottom": "1px",
    "margin-left": "1px",
    "margin-right": "1px",
    "margin-top": "1px",
  },
  "xxl": Object {
    "margin-bottom": "12%",
    "margin-left": "12%",
    "margin-right": "12%",
    "margin-top": "12%",
  },
}
`;

exports[`getMarginPaddingStyles Get a correct margin and padding 1`] = `
Object {
  "general": Object {
    "margin-bottom": "3px",
    "margin-left": "4px",
    "margin-right": "2px",
    "margin-top": "1px",
  },
  "l": Object {
    "margin-bottom": "3px",
    "margin-left": "4px",
    "margin-right": "2px",
    "margin-top": "1px",
  },
  "m": Object {
    "margin-bottom": "3px",
    "margin-left": "4px",
    "margin-right": "2px",
    "margin-top": "1px",
  },
  "s": Object {
    "margin-bottom": "3%",
    "margin-left": "4%",
    "margin-right": "2%",
    "margin-top": "1%",
  },
  "xl": Object {
    "margin-bottom": "3%",
    "margin-left": "4%",
    "margin-right": "2%",
    "margin-top": "1%",
  },
  "xs": Object {
    "margin-bottom": "3px",
    "margin-left": "4px",
    "margin-right": "2px",
    "margin-top": "1px",
  },
  "xxl": Object {
    "margin-bottom": "3%",
    "margin-left": "4%",
    "margin-right": "2%",
    "margin-top": "1%",
  },
}
`;
