// Jest Snapshot v1, https://goo.gl/fbAQLP

exports[`getOverflowStyles Get a correct overflow styles 1`] = `
{
  "general": {
    "overflow-x": "auto",
    "overflow-y": "clip",
  },
  "l": {
    "overflow-x": "clip",
    "overflow-y": "auto",
  },
  "m": {
    "overflow-x": "scroll",
    "overflow-y": "scroll",
  },
  "s": {
    "overflow-x": "auto",
    "overflow-y": "auto",
  },
  "xl": {
    "overflow-x": "auto",
    "overflow-y": "clip",
  },
  "xs": {
    "overflow-x": "visible",
    "overflow-y": "visible",
  },
  "xxl": {
    "overflow-x": "hidden",
    "overflow-y": "visible",
  },
}
`;

exports[`getOverflowStyles Get a correct overflow styles when all values visible 1`] = `{}`;

exports[`getOverflowStyles Get a correct overflow styles with default values 1`] = `{}`;
