// Jest Snapshot v1, https://goo.gl/fbAQLP

exports[`getOpacityStyles Get a correct opacity styles 1`] = `
{
  "general": {
    "opacity": 1,
  },
  "l": {
    "opacity": 0.95,
  },
  "m": {
    "opacity": 0.85,
  },
  "s": {
    "opacity": 0.66,
  },
  "xl": {
    "opacity": 0.77,
  },
  "xs": {
    "opacity": 0.99,
  },
  "xxl": {
    "opacity": 0.56,
  },
}
`;
