// Jest Snapshot v1, https://goo.gl/fbAQLP

exports[`getTransformStyles Get a correct transform styles 1`] = `
Object {
  "general": Object {
    "transform": "scaleX(0.01) scaleY(0.02) translateX(3px) translateY(4px) rotateX(1deg) rotateY(2deg) rotateZ(3deg) ",
    "transform-origin": "100% 0% ",
  },
  "l": Object {
    "transform": "scaleX(0.02) scaleY(0.03) translateX(4px) translateY(1px) rotateX(2deg) rotateY(3deg) rotateZ(4deg) ",
    "transform-origin": "100% 0% ",
  },
  "m": Object {
    "transform": "scaleX(0.01) scaleY(0.02) translateX(3px) translateY(4px) rotateX(1deg) rotateY(2deg) rotateZ(3deg) ",
    "transform-origin": "100% 0% ",
  },
  "s": Object {
    "transform": "scaleX(0.04) scaleY(0.01) translateX(2px) translateY(3px) rotateX(4deg) rotateY(1deg) rotateZ(2deg) ",
    "transform-origin": "100% 0% ",
  },
  "xl": Object {
    "transform": "scaleX(0.03) scaleY(0.04) translateX(1px) translateY(2px) rotateX(3deg) rotateY(4deg) rotateZ(1deg) ",
    "transform-origin": "100% 0% ",
  },
  "xs": Object {
    "transform": "scaleX(0.04) scaleY(0.02) translateX(1px) translateY(2px) rotateX(3deg) rotateY(4deg) rotateZ(1deg) ",
    "transform-origin": "100% 0% ",
  },
  "xxl": Object {
    "transform": "scaleX(0.04) scaleY(0.01) translateX(2px) translateY(3px) rotateX(4deg) rotateY(1deg) rotateZ(2deg) ",
    "transform-origin": "100% 0% ",
  },
}
`;
