// Jest Snapshot v1, https://goo.gl/fbAQLP

exports[`getTypographyStyles Get a correct TypographyStyles 1`] = `
Object {
  "general": Object {
    "color": "blue",
    "font-family": "roboto",
    "font-size": "1px",
    "font-style": "bold",
    "font-weight": 3,
    "letter-spacing": "2px",
    "line-height": "1px",
    "text-decoration": "underline",
    "text-shadow": "none",
    "text-transform": "none",
    "vertical-align": "none",
  },
  "l": Object {
    "color": "red",
    "font-family": "roboto",
    "font-size": "1px",
    "font-style": "bold",
    "font-weight": 4,
    "letter-spacing": "3px",
    "line-height": "2px",
    "text-decoration": "underline",
    "text-shadow": "none",
    "text-transform": "none",
    "vertical-align": "none",
  },
  "m": Object {
    "color": "red",
    "font-family": "roboto",
    "font-size": "1px",
    "font-style": "bold",
    "font-weight": 4,
    "letter-spacing": "3px",
    "line-height": "2px",
    "text-decoration": "underline",
    "text-shadow": "none",
    "text-transform": "none",
    "vertical-align": "none",
  },
  "s": Object {
    "color": "red",
    "font-family": "roboto",
    "font-size": "1px",
    "font-style": "bold",
    "font-weight": 4,
    "letter-spacing": "3px",
    "line-height": "2px",
    "text-decoration": "underline",
    "text-shadow": "none",
    "text-transform": "none",
    "vertical-align": "none",
  },
  "xl": Object {
    "color": "red",
    "font-family": "roboto",
    "font-size": "1px",
    "font-style": "bold",
    "font-weight": 4,
    "letter-spacing": "3px",
    "line-height": "2px",
    "text-decoration": "underline",
    "text-shadow": "none",
    "text-transform": "none",
    "vertical-align": "none",
  },
  "xs": Object {
    "color": "red",
    "font-family": "roboto",
    "font-size": "1px",
    "font-style": "bold",
    "font-weight": 4,
    "letter-spacing": "3px",
    "line-height": "2px",
    "text-decoration": "underline",
    "text-shadow": "none",
    "text-transform": "none",
    "vertical-align": "none",
  },
  "xxl": Object {
    "color": "red",
    "font-family": "roboto",
    "font-size": "1px",
    "font-style": "bold",
    "font-weight": 4,
    "letter-spacing": "3px",
    "line-height": "2px",
    "text-decoration": "underline",
    "text-shadow": "none",
    "text-transform": "none",
    "vertical-align": "none",
  },
}
`;
