// Jest Snapshot v1, https://goo.gl/fbAQLP

exports[`getZIndexStyle Get a correct z-index style 1`] = `
{
  "general": {
    "z-index": 1,
  },
  "l": {
    "z-index": 4,
  },
  "m": {
    "z-index": 5,
  },
  "s": {
    "z-index": 6,
  },
  "xl": {
    "z-index": 3,
  },
  "xs": {
    "z-index": 7,
  },
  "xxl": {
    "z-index": 2,
  },
}
`;
