// Jest Snapshot v1, https://goo.gl/fbAQLP

exports[`StyleCards headings Check Headings 1`] = `
Object {
  "h2": Object {
    "color": "",
    "color-global": false,
    "font-family-general": "Roboto",
    "font-size-l": 99,
    "font-size-m": 32,
    "font-size-s": 30,
    "font-size-unit-l": "px",
    "font-size-unit-m": "px",
    "font-size-unit-s": "px",
    "font-size-unit-xl": "px",
    "font-size-unit-xs": "px",
    "font-size-unit-xxl": "px",
    "font-size-xl": 38,
    "font-size-xs": 28,
    "font-size-xxl": 55,
    "font-style-general": "italic",
    "font-weight-general": "300",
    "letter-spacing-l": 5,
    "letter-spacing-unit-xl": "px",
    "letter-spacing-unit-xxl": "px",
    "letter-spacing-xl": 0,
    "letter-spacing-xxl": 0,
    "line-height-l": 99,
    "line-height-m": 42,
    "line-height-s": 40,
    "line-height-unit-l": "px",
    "line-height-unit-m": "px",
    "line-height-unit-s": "px",
    "line-height-unit-xl": "px",
    "line-height-unit-xs": "px",
    "line-height-unit-xxl": "px",
    "line-height-xl": 48,
    "line-height-xs": 38,
    "line-height-xxl": 65,
    "text-decoration-general": "overline",
    "text-transform-general": "capitalize",
  },
}
`;
