// Jest Snapshot v1, https://goo.gl/fbAQLP

exports[`StyleCards headings Check Headings 1`] = `
Object {
  "h1": Object {
    "color": "rgb(16,109,60)",
    "color-global": true,
    "font-family-general": "Roboto",
    "font-size-l": 40,
    "font-size-m": 36,
    "font-size-s": 34,
    "font-size-unit-l": "px",
    "font-size-unit-m": "px",
    "font-size-unit-s": "px",
    "font-size-unit-xl": "px",
    "font-size-unit-xs": "px",
    "font-size-unit-xxl": "px",
    "font-size-xl": 99,
    "font-size-xs": 32,
    "font-size-xxl": 65,
    "font-style-general": "normal",
    "font-style-xl": "italic",
    "font-weight-general": 500,
    "font-weight-xl": "300",
    "letter-spacing-unit-xl": "px",
    "letter-spacing-unit-xxl": "px",
    "letter-spacing-xl": 5,
    "letter-spacing-xxl": 0,
    "line-height-l": 50,
    "line-height-m": 46,
    "line-height-s": 44,
    "line-height-unit-l": "px",
    "line-height-unit-m": "px",
    "line-height-unit-s": "px",
    "line-height-unit-xl": "px",
    "line-height-unit-xs": "px",
    "line-height-unit-xxl": "px",
    "line-height-xl": 99,
    "line-height-xs": 42,
    "line-height-xxl": 75,
    "text-decoration-general": "unset",
    "text-decoration-xl": "overline",
    "text-transform-general": "none",
    "text-transform-xl": "capitalize",
  },
}
`;
