// Jest Snapshot v1, https://goo.gl/fbAQLP

exports[`StyleCards Paragraph Check Paragraph 1`] = `
Object {
  "color": Object {
    "4": "42,23,255",
    "5": "92,205,222",
    "6": "10,201,86",
  },
  "divider": Object {
    "color-global": true,
  },
  "icon": Object {
    "fill": "rgba(undefined,1)",
    "fill-global": false,
    "fill-palette-color": 2,
    "fill-palette-opacity": 1,
    "fill-palette-status": true,
    "line": "rgba(undefined,1)",
    "line-global": false,
    "line-palette-color": 6,
    "line-palette-opacity": 1,
    "line-palette-status": true,
  },
  "p": Object {
    "color": "",
    "color-global": false,
    "font-family-general": "Roboto",
    "font-size-unit-xl": "px",
    "font-size-unit-xxl": "px",
    "font-size-xl": 20,
    "font-size-xxl": 24,
    "font-style-general": "normal",
    "font-style-xl": "italic",
    "font-weight-general": 400,
    "font-weight-xl": "300",
    "letter-spacing-unit-xl": "px",
    "letter-spacing-unit-xxl": "px",
    "letter-spacing-xl": 5,
    "letter-spacing-xxl": 0,
    "line-height-unit-xl": "px",
    "line-height-unit-xxl": "px",
    "line-height-xl": 0,
    "line-height-xxl": 34,
    "palette-color": 3,
    "palette-opacity": 1,
    "palette-status": true,
    "text-decoration-general": "unset",
    "text-decoration-xl": "overline",
    "text-transform-general": "none",
    "text-transform-xl": "capitalize",
  },
}
`;
