// Jest Snapshot v1, https://goo.gl/fbAQLP

exports[`BackgroundControl Check Background Color 1`] = `"<div class=\\"maxi-background-displayer__layer maxi-background-displayer__color\\"></div>"`;

exports[`BackgroundControl Check Background Gradient 1`] = `"<div class=\\"maxi-background-displayer__layer maxi-background-displayer__color\\"></div>"`;

exports[`BackgroundControl Check Background Image 1`] = `"<div class=\\"maxi-background-displayer__layer maxi-background-displayer__images\\"></div>"`;

exports[`BackgroundControl Check Background Video 1`] = `"<div class=\\"maxi-background-displayer__layer maxi-background-displayer__video-player maxi-background-displayer__video-player--mobile-hidden\\" data-type=\\"youtube\\" data-end=\\"1\\"><div class=\\"maxi-background-displayer__video-player__iframe-wrapper\\"><iframe title=\\"youtube video\\" src=\\"https://www.youtube.com/embed/hM7Eh0gGNKA?controls=0&amp;showinfo=0&amp;rel=0&amp;autoplay=1&amp;mute=1&amp;end=1\\" frameborder=\\"0\\" allow=\\"autoplay\\" allowfullscreen=\\"\\" style=\\"height: 344.633px;\\"></iframe></div></div>"`;
