// Jest Snapshot v1, https://goo.gl/fbAQLP

exports[`hoverAttributesCreator Returns a color bg object 1`] = `
Object {
  "bc_cc-g.h": Object {
    "longLabel": "background-color-custom-color-general-hover",
    "type": "string",
  },
  "bc_cc-l.h": Object {
    "longLabel": "background-color-custom-color-l-hover",
    "type": "string",
  },
  "bc_cc-m.h": Object {
    "longLabel": "background-color-custom-color-m-hover",
    "type": "string",
  },
  "bc_cc-s.h": Object {
    "longLabel": "background-color-custom-color-s-hover",
    "type": "string",
  },
  "bc_cc-xl.h": Object {
    "longLabel": "background-color-custom-color-xl-hover",
    "type": "string",
  },
  "bc_cc-xs.h": Object {
    "longLabel": "background-color-custom-color-xs-hover",
    "type": "string",
  },
  "bc_cc-xxl.h": Object {
    "longLabel": "background-color-custom-color-xxl-hover",
    "type": "string",
  },
  "bc_cp-g.h": Object {
    "longLabel": "background-color-clip-path-general-hover",
    "type": "string",
  },
  "bc_cp-l.h": Object {
    "longLabel": "background-color-clip-path-l-hover",
    "type": "string",
  },
  "bc_cp-m.h": Object {
    "longLabel": "background-color-clip-path-m-hover",
    "type": "string",
  },
  "bc_cp-s.h": Object {
    "longLabel": "background-color-clip-path-s-hover",
    "type": "string",
  },
  "bc_cp-xl.h": Object {
    "longLabel": "background-color-clip-path-xl-hover",
    "type": "string",
  },
  "bc_cp-xs.h": Object {
    "longLabel": "background-color-clip-path-xs-hover",
    "type": "string",
  },
  "bc_cp-xxl.h": Object {
    "longLabel": "background-color-clip-path-xxl-hover",
    "type": "string",
  },
  "bc_cp.s-g.h": Object {
    "longLabel": "background-color-clip-path-status-general-hover",
    "type": "boolean",
  },
  "bc_cp.s-l.h": Object {
    "longLabel": "background-color-clip-path-status-l-hover",
    "type": "boolean",
  },
  "bc_cp.s-m.h": Object {
    "longLabel": "background-color-clip-path-status-m-hover",
    "type": "boolean",
  },
  "bc_cp.s-s.h": Object {
    "longLabel": "background-color-clip-path-status-s-hover",
    "type": "boolean",
  },
  "bc_cp.s-xl.h": Object {
    "longLabel": "background-color-clip-path-status-xl-hover",
    "type": "boolean",
  },
  "bc_cp.s-xs.h": Object {
    "longLabel": "background-color-clip-path-status-xs-hover",
    "type": "boolean",
  },
  "bc_cp.s-xxl.h": Object {
    "longLabel": "background-color-clip-path-status-xxl-hover",
    "type": "boolean",
  },
  "bc_pc-g.h": Object {
    "default": 6,
    "longLabel": "background-color-palette-color-general-hover",
    "type": "number",
  },
  "bc_pc-l.h": Object {
    "longLabel": "background-color-palette-color-l-hover",
    "type": "number",
  },
  "bc_pc-m.h": Object {
    "longLabel": "background-color-palette-color-m-hover",
    "type": "number",
  },
  "bc_pc-s.h": Object {
    "longLabel": "background-color-palette-color-s-hover",
    "type": "number",
  },
  "bc_pc-xl.h": Object {
    "longLabel": "background-color-palette-color-xl-hover",
    "type": "number",
  },
  "bc_pc-xs.h": Object {
    "longLabel": "background-color-palette-color-xs-hover",
    "type": "number",
  },
  "bc_pc-xxl.h": Object {
    "longLabel": "background-color-palette-color-xxl-hover",
    "type": "number",
  },
  "bc_po-g.h": Object {
    "longLabel": "background-color-palette-opacity-general-hover",
    "type": "number",
  },
  "bc_po-l.h": Object {
    "longLabel": "background-color-palette-opacity-l-hover",
    "type": "number",
  },
  "bc_po-m.h": Object {
    "longLabel": "background-color-palette-opacity-m-hover",
    "type": "number",
  },
  "bc_po-s.h": Object {
    "longLabel": "background-color-palette-opacity-s-hover",
    "type": "number",
  },
  "bc_po-xl.h": Object {
    "longLabel": "background-color-palette-opacity-xl-hover",
    "type": "number",
  },
  "bc_po-xs.h": Object {
    "longLabel": "background-color-palette-opacity-xs-hover",
    "type": "number",
  },
  "bc_po-xxl.h": Object {
    "longLabel": "background-color-palette-opacity-xxl-hover",
    "type": "number",
  },
  "bc_ps-g.h": Object {
    "default": true,
    "longLabel": "background-color-palette-status-general-hover",
    "type": "boolean",
  },
  "bc_ps-l.h": Object {
    "longLabel": "background-color-palette-status-l-hover",
    "type": "boolean",
  },
  "bc_ps-m.h": Object {
    "longLabel": "background-color-palette-status-m-hover",
    "type": "boolean",
  },
  "bc_ps-s.h": Object {
    "longLabel": "background-color-palette-status-s-hover",
    "type": "boolean",
  },
  "bc_ps-xl.h": Object {
    "longLabel": "background-color-palette-status-xl-hover",
    "type": "boolean",
  },
  "bc_ps-xs.h": Object {
    "longLabel": "background-color-palette-status-xs-hover",
    "type": "boolean",
  },
  "bc_ps-xxl.h": Object {
    "longLabel": "background-color-palette-status-xxl-hover",
    "type": "boolean",
  },
  "bcw_h-g.h": Object {
    "longLabel": "background-color-wrapper-height-general-hover",
    "type": "number",
  },
  "bcw_h-l.h": Object {
    "longLabel": "background-color-wrapper-height-l-hover",
    "type": "number",
  },
  "bcw_h-m.h": Object {
    "longLabel": "background-color-wrapper-height-m-hover",
    "type": "number",
  },
  "bcw_h-s.h": Object {
    "longLabel": "background-color-wrapper-height-s-hover",
    "type": "number",
  },
  "bcw_h-xl.h": Object {
    "longLabel": "background-color-wrapper-height-xl-hover",
    "type": "number",
  },
  "bcw_h-xs.h": Object {
    "longLabel": "background-color-wrapper-height-xs-hover",
    "type": "number",
  },
  "bcw_h-xxl.h": Object {
    "longLabel": "background-color-wrapper-height-xxl-hover",
    "type": "number",
  },
  "bcw_h.u-g.h": Object {
    "longLabel": "background-color-wrapper-height-unit-general-hover",
    "type": "string",
  },
  "bcw_h.u-l.h": Object {
    "longLabel": "background-color-wrapper-height-unit-l-hover",
    "type": "string",
  },
  "bcw_h.u-m.h": Object {
    "longLabel": "background-color-wrapper-height-unit-m-hover",
    "type": "string",
  },
  "bcw_h.u-s.h": Object {
    "longLabel": "background-color-wrapper-height-unit-s-hover",
    "type": "string",
  },
  "bcw_h.u-xl.h": Object {
    "longLabel": "background-color-wrapper-height-unit-xl-hover",
    "type": "string",
  },
  "bcw_h.u-xs.h": Object {
    "longLabel": "background-color-wrapper-height-unit-xs-hover",
    "type": "string",
  },
  "bcw_h.u-xxl.h": Object {
    "longLabel": "background-color-wrapper-height-unit-xxl-hover",
    "type": "string",
  },
  "bcw_pos-g.h": Object {
    "longLabel": "background-color-wrapper-position-general-hover",
    "type": "string",
  },
  "bcw_pos-l.h": Object {
    "longLabel": "background-color-wrapper-position-l-hover",
    "type": "string",
  },
  "bcw_pos-m.h": Object {
    "longLabel": "background-color-wrapper-position-m-hover",
    "type": "string",
  },
  "bcw_pos-s.h": Object {
    "longLabel": "background-color-wrapper-position-s-hover",
    "type": "string",
  },
  "bcw_pos-xl.h": Object {
    "longLabel": "background-color-wrapper-position-xl-hover",
    "type": "string",
  },
  "bcw_pos-xs.h": Object {
    "longLabel": "background-color-wrapper-position-xs-hover",
    "type": "string",
  },
  "bcw_pos-xxl.h": Object {
    "longLabel": "background-color-wrapper-position-xxl-hover",
    "type": "string",
  },
  "bcw_pos.b-g.h": Object {
    "longLabel": "background-color-wrapper-position-bottom-general-hover",
    "type": "string",
  },
  "bcw_pos.b-l.h": Object {
    "longLabel": "background-color-wrapper-position-bottom-l-hover",
    "type": "string",
  },
  "bcw_pos.b-m.h": Object {
    "longLabel": "background-color-wrapper-position-bottom-m-hover",
    "type": "string",
  },
  "bcw_pos.b-s.h": Object {
    "longLabel": "background-color-wrapper-position-bottom-s-hover",
    "type": "string",
  },
  "bcw_pos.b-xl.h": Object {
    "longLabel": "background-color-wrapper-position-bottom-xl-hover",
    "type": "string",
  },
  "bcw_pos.b-xs.h": Object {
    "longLabel": "background-color-wrapper-position-bottom-xs-hover",
    "type": "string",
  },
  "bcw_pos.b-xxl.h": Object {
    "longLabel": "background-color-wrapper-position-bottom-xxl-hover",
    "type": "string",
  },
  "bcw_pos.b.u-g.h": Object {
    "longLabel": "background-color-wrapper-position-bottom-unit-general-hover",
    "type": "string",
  },
  "bcw_pos.b.u-l.h": Object {
    "longLabel": "background-color-wrapper-position-bottom-unit-l-hover",
    "type": "string",
  },
  "bcw_pos.b.u-m.h": Object {
    "longLabel": "background-color-wrapper-position-bottom-unit-m-hover",
    "type": "string",
  },
  "bcw_pos.b.u-s.h": Object {
    "longLabel": "background-color-wrapper-position-bottom-unit-s-hover",
    "type": "string",
  },
  "bcw_pos.b.u-xl.h": Object {
    "longLabel": "background-color-wrapper-position-bottom-unit-xl-hover",
    "type": "string",
  },
  "bcw_pos.b.u-xs.h": Object {
    "longLabel": "background-color-wrapper-position-bottom-unit-xs-hover",
    "type": "string",
  },
  "bcw_pos.b.u-xxl.h": Object {
    "longLabel": "background-color-wrapper-position-bottom-unit-xxl-hover",
    "type": "string",
  },
  "bcw_pos.l-g.h": Object {
    "longLabel": "background-color-wrapper-position-left-general-hover",
    "type": "string",
  },
  "bcw_pos.l-l.h": Object {
    "longLabel": "background-color-wrapper-position-left-l-hover",
    "type": "string",
  },
  "bcw_pos.l-m.h": Object {
    "longLabel": "background-color-wrapper-position-left-m-hover",
    "type": "string",
  },
  "bcw_pos.l-s.h": Object {
    "longLabel": "background-color-wrapper-position-left-s-hover",
    "type": "string",
  },
  "bcw_pos.l-xl.h": Object {
    "longLabel": "background-color-wrapper-position-left-xl-hover",
    "type": "string",
  },
  "bcw_pos.l-xs.h": Object {
    "longLabel": "background-color-wrapper-position-left-xs-hover",
    "type": "string",
  },
  "bcw_pos.l-xxl.h": Object {
    "longLabel": "background-color-wrapper-position-left-xxl-hover",
    "type": "string",
  },
  "bcw_pos.l.u-g.h": Object {
    "longLabel": "background-color-wrapper-position-left-unit-general-hover",
    "type": "string",
  },
  "bcw_pos.l.u-l.h": Object {
    "longLabel": "background-color-wrapper-position-left-unit-l-hover",
    "type": "string",
  },
  "bcw_pos.l.u-m.h": Object {
    "longLabel": "background-color-wrapper-position-left-unit-m-hover",
    "type": "string",
  },
  "bcw_pos.l.u-s.h": Object {
    "longLabel": "background-color-wrapper-position-left-unit-s-hover",
    "type": "string",
  },
  "bcw_pos.l.u-xl.h": Object {
    "longLabel": "background-color-wrapper-position-left-unit-xl-hover",
    "type": "string",
  },
  "bcw_pos.l.u-xs.h": Object {
    "longLabel": "background-color-wrapper-position-left-unit-xs-hover",
    "type": "string",
  },
  "bcw_pos.l.u-xxl.h": Object {
    "longLabel": "background-color-wrapper-position-left-unit-xxl-hover",
    "type": "string",
  },
  "bcw_pos.r-g.h": Object {
    "longLabel": "background-color-wrapper-position-right-general-hover",
    "type": "string",
  },
  "bcw_pos.r-l.h": Object {
    "longLabel": "background-color-wrapper-position-right-l-hover",
    "type": "string",
  },
  "bcw_pos.r-m.h": Object {
    "longLabel": "background-color-wrapper-position-right-m-hover",
    "type": "string",
  },
  "bcw_pos.r-s.h": Object {
    "longLabel": "background-color-wrapper-position-right-s-hover",
    "type": "string",
  },
  "bcw_pos.r-xl.h": Object {
    "longLabel": "background-color-wrapper-position-right-xl-hover",
    "type": "string",
  },
  "bcw_pos.r-xs.h": Object {
    "longLabel": "background-color-wrapper-position-right-xs-hover",
    "type": "string",
  },
  "bcw_pos.r-xxl.h": Object {
    "longLabel": "background-color-wrapper-position-right-xxl-hover",
    "type": "string",
  },
  "bcw_pos.r.u-g.h": Object {
    "longLabel": "background-color-wrapper-position-right-unit-general-hover",
    "type": "string",
  },
  "bcw_pos.r.u-l.h": Object {
    "longLabel": "background-color-wrapper-position-right-unit-l-hover",
    "type": "string",
  },
  "bcw_pos.r.u-m.h": Object {
    "longLabel": "background-color-wrapper-position-right-unit-m-hover",
    "type": "string",
  },
  "bcw_pos.r.u-s.h": Object {
    "longLabel": "background-color-wrapper-position-right-unit-s-hover",
    "type": "string",
  },
  "bcw_pos.r.u-xl.h": Object {
    "longLabel": "background-color-wrapper-position-right-unit-xl-hover",
    "type": "string",
  },
  "bcw_pos.r.u-xs.h": Object {
    "longLabel": "background-color-wrapper-position-right-unit-xs-hover",
    "type": "string",
  },
  "bcw_pos.r.u-xxl.h": Object {
    "longLabel": "background-color-wrapper-position-right-unit-xxl-hover",
    "type": "string",
  },
  "bcw_pos.sy-g.h": Object {
    "longLabel": "background-color-wrapper-position-sync-general-hover",
    "type": "string",
  },
  "bcw_pos.sy-l.h": Object {
    "longLabel": "background-color-wrapper-position-sync-l-hover",
    "type": "string",
  },
  "bcw_pos.sy-m.h": Object {
    "longLabel": "background-color-wrapper-position-sync-m-hover",
    "type": "string",
  },
  "bcw_pos.sy-s.h": Object {
    "longLabel": "background-color-wrapper-position-sync-s-hover",
    "type": "string",
  },
  "bcw_pos.sy-xl.h": Object {
    "longLabel": "background-color-wrapper-position-sync-xl-hover",
    "type": "string",
  },
  "bcw_pos.sy-xs.h": Object {
    "longLabel": "background-color-wrapper-position-sync-xs-hover",
    "type": "string",
  },
  "bcw_pos.sy-xxl.h": Object {
    "longLabel": "background-color-wrapper-position-sync-xxl-hover",
    "type": "string",
  },
  "bcw_pos.t-g.h": Object {
    "longLabel": "background-color-wrapper-position-top-general-hover",
    "type": "string",
  },
  "bcw_pos.t-l.h": Object {
    "longLabel": "background-color-wrapper-position-top-l-hover",
    "type": "string",
  },
  "bcw_pos.t-m.h": Object {
    "longLabel": "background-color-wrapper-position-top-m-hover",
    "type": "string",
  },
  "bcw_pos.t-s.h": Object {
    "longLabel": "background-color-wrapper-position-top-s-hover",
    "type": "string",
  },
  "bcw_pos.t-xl.h": Object {
    "longLabel": "background-color-wrapper-position-top-xl-hover",
    "type": "string",
  },
  "bcw_pos.t-xs.h": Object {
    "longLabel": "background-color-wrapper-position-top-xs-hover",
    "type": "string",
  },
  "bcw_pos.t-xxl.h": Object {
    "longLabel": "background-color-wrapper-position-top-xxl-hover",
    "type": "string",
  },
  "bcw_pos.t.u-g.h": Object {
    "longLabel": "background-color-wrapper-position-top-unit-general-hover",
    "type": "string",
  },
  "bcw_pos.t.u-l.h": Object {
    "longLabel": "background-color-wrapper-position-top-unit-l-hover",
    "type": "string",
  },
  "bcw_pos.t.u-m.h": Object {
    "longLabel": "background-color-wrapper-position-top-unit-m-hover",
    "type": "string",
  },
  "bcw_pos.t.u-s.h": Object {
    "longLabel": "background-color-wrapper-position-top-unit-s-hover",
    "type": "string",
  },
  "bcw_pos.t.u-xl.h": Object {
    "longLabel": "background-color-wrapper-position-top-unit-xl-hover",
    "type": "string",
  },
  "bcw_pos.t.u-xs.h": Object {
    "longLabel": "background-color-wrapper-position-top-unit-xs-hover",
    "type": "string",
  },
  "bcw_pos.t.u-xxl.h": Object {
    "longLabel": "background-color-wrapper-position-top-unit-xxl-hover",
    "type": "string",
  },
  "bcw_w-g.h": Object {
    "longLabel": "background-color-wrapper-width-general-hover",
    "type": "number",
  },
  "bcw_w-l.h": Object {
    "longLabel": "background-color-wrapper-width-l-hover",
    "type": "number",
  },
  "bcw_w-m.h": Object {
    "longLabel": "background-color-wrapper-width-m-hover",
    "type": "number",
  },
  "bcw_w-s.h": Object {
    "longLabel": "background-color-wrapper-width-s-hover",
    "type": "number",
  },
  "bcw_w-xl.h": Object {
    "longLabel": "background-color-wrapper-width-xl-hover",
    "type": "number",
  },
  "bcw_w-xs.h": Object {
    "longLabel": "background-color-wrapper-width-xs-hover",
    "type": "number",
  },
  "bcw_w-xxl.h": Object {
    "longLabel": "background-color-wrapper-width-xxl-hover",
    "type": "number",
  },
  "bcw_w.u-g.h": Object {
    "longLabel": "background-color-wrapper-width-unit-general-hover",
    "type": "string",
  },
  "bcw_w.u-l.h": Object {
    "longLabel": "background-color-wrapper-width-unit-l-hover",
    "type": "string",
  },
  "bcw_w.u-m.h": Object {
    "longLabel": "background-color-wrapper-width-unit-m-hover",
    "type": "string",
  },
  "bcw_w.u-s.h": Object {
    "longLabel": "background-color-wrapper-width-unit-s-hover",
    "type": "string",
  },
  "bcw_w.u-xl.h": Object {
    "longLabel": "background-color-wrapper-width-unit-xl-hover",
    "type": "string",
  },
  "bcw_w.u-xs.h": Object {
    "longLabel": "background-color-wrapper-width-unit-xs-hover",
    "type": "string",
  },
  "bcw_w.u-xxl.h": Object {
    "longLabel": "background-color-wrapper-width-unit-xxl-hover",
    "type": "string",
  },
}
`;

exports[`hoverAttributesCreator Returns basic background object 1`] = `
Object {
  "b.sh": Object {
    "default": false,
    "type": "boolean",
  },
  "b_am-g.h": Object {
    "longLabel": "background-active-media-general-hover",
    "type": "string",
  },
  "b_am-l.h": Object {
    "longLabel": "background-active-media-l-hover",
    "type": "string",
  },
  "b_am-m.h": Object {
    "longLabel": "background-active-media-m-hover",
    "type": "string",
  },
  "b_am-s.h": Object {
    "longLabel": "background-active-media-s-hover",
    "type": "string",
  },
  "b_am-xl.h": Object {
    "longLabel": "background-active-media-xl-hover",
    "type": "string",
  },
  "b_am-xs.h": Object {
    "longLabel": "background-active-media-xs-hover",
    "type": "string",
  },
  "b_am-xxl.h": Object {
    "longLabel": "background-active-media-xxl-hover",
    "type": "string",
  },
}
`;
