// Jest Snapshot v1, https://goo.gl/fbAQLP

exports[`Button link Check button link 1`] = `
{
  "noFollow": true,
  "opensInNewTab": true,
  "sponsored": true,
  "ugc": true,
  "url": "test.com",
}
`;

exports[`Button link Should work correctly with dynamic content 1`] = `
{
  "title": "http://localhost:8889",
  "url": "http://localhost:8889",
}
`;
