// Jest Snapshot v1, https://goo.gl/fbAQLP

exports[`BackgroundControl Check Background Layers 1`] = `
Array [
  Object {
    "background-color": "",
    "background-color-clip-path": "",
    "id": 0,
    "type": "color",
  },
  Object {
    "background-image-attachment": "scroll",
    "background-image-clip": "border-box",
    "background-image-clip-path": "",
    "background-image-crop-options": null,
    "background-image-height": 100,
    "background-image-height-unit": "%",
    "background-image-mediaID": "",
    "background-image-mediaURL": "",
    "background-image-opacity": 1,
    "background-image-origin": "padding-box",
    "background-image-position": "center center",
    "background-image-position-height": 0,
    "background-image-position-height-unit": "%",
    "background-image-position-width": 0,
    "background-image-position-width-unit": "%",
    "background-image-repeat": "no-repeat",
    "background-image-size": "",
    "background-image-width": 100,
    "background-image-width-unit": "%",
    "id": 1,
    "type": "image",
  },
  Object {
    "background-video-clipPath": "",
    "background-video-endTime": "",
    "background-video-fallbackID": null,
    "background-video-fallbackURL": "",
    "background-video-loop": false,
    "background-video-mediaID": null,
    "background-video-mediaURL": "https://youtu.be/hM7Eh0gGNKA",
    "background-video-opacity": 1,
    "background-video-playOnMobile": false,
    "background-video-startTime": "",
    "id": 2,
    "type": "video",
  },
  Object {
    "background-gradient": "",
    "background-gradient-clip-path": "",
    "background-gradient-opacity": 1,
    "id": 3,
    "type": "gradient",
  },
  Object {
    "background-svg-SVGCurrentElement": 1,
    "background-svg-SVGData": Object {
      "group-maxi-12__330": Object {
        "color": "",
        "imageID": "",
        "imageURL": "",
      },
    },
    "background-svg-SVGElement": "<svg viewBox=\\"0 0 36.1 36.1\\" xmlns=\\"http://www.w3.org/2000/svg\\" data-item=\\"group-maxi-12__svg\\"><path fill=\\"\\" d=\\"M23.9 30c1.6-3.3 2.5-7.3 2.5-12s-.8-8.7-2.5-12c-1.6-3.3-3.6-4.9-5.9-4.9S13.7 2.7 12.1 6s-2.4 7.3-2.4 12 .8 8.7 2.4 12 3.6 5 5.9 5 4.3-1.7 5.9-5z\\"></path></svg>",
    "background-svg-SVGMediaID": null,
    "background-svg-SVGMediaURL": null,
    "background-svg-left": null,
    "background-svg-left--unit": "%",
    "background-svg-size": 100,
    "background-svg-size--unit": "%",
    "background-svg-top": null,
    "background-svg-top--unit": "%",
    "id": 4,
    "type": "shape",
  },
]
`;
