// Jest Snapshot v1, https://goo.gl/fbAQLP

exports[`BackgroundControl Background hover attributes are kept after setting none to normal background settings 1`] = `"<style>body.maxi-blocks--active .edit-post-visual-editor .maxi-block.maxi-block--backend.group-maxi-12:hover > .maxi-background-displayer .maxi-background-displayer__color,body.maxi-blocks--active .edit-post-visual-editor[maxi-blocks-responsive] .maxi-block.maxi-block--backend.group-maxi-12:hover > .maxi-background-displayer .maxi-background-displayer__color{ background-color: rgba(var(--maxi-light-color-6),1);}</style>"`;
