// Jest Snapshot v1, https://goo.gl/fbAQLP

exports[`BaseControl Check base control 1`] = `"<button type=\\"button\\" aria-pressed=\\"true\\" class=\\"maxi-components-button components-button maxi-button-group-control__option maxi-button-group-control__option--selected\\" aria-label=\\"normal_link\\">Link</button><button type=\\"button\\" aria-pressed=\\"false\\" class=\\"maxi-components-button components-button maxi-button-group-control__option\\" aria-label=\\"hover_link\\">Hover</button><button type=\\"button\\" aria-pressed=\\"false\\" class=\\"maxi-components-button components-button maxi-button-group-control__option\\" aria-label=\\"active_link\\">Active</button><button type=\\"button\\" aria-pressed=\\"false\\" class=\\"maxi-components-button components-button maxi-button-group-control__option\\" aria-label=\\"visited_link\\">Visited</button>"`;
